[2026-07-22 21:26:34] Traceback (most recent call last):
  File "/data/data/com.termux/files/home/Nitron/plugin_manager.py", line 220, in load_plugin
    raise Exception(
    ...<3 lines>...
    )
Exception: plugin() not found.

[2026-07-22 21:26:34] Loaded File Manager
[2026-07-22 21:26:34] Loaded Image Generator
[2026-07-22 21:26:34] Traceback (most recent call last):
  File "/data/data/com.termux/files/home/Nitron/plugin_manager.py", line 220, in load_plugin
    raise Exception(
    ...<3 lines>...
    )
Exception: plugin() not found.

[2026-07-22 21:26:34] Traceback (most recent call last):
  File "/data/data/com.termux/files/home/Nitron/plugin_manager.py", line 220, in load_plugin
    raise Exception(
    ...<3 lines>...
    )
Exception: plugin() not found.

[2026-07-22 21:26:34] Traceback (most recent call last):
  File "/data/data/com.termux/files/home/Nitron/plugin_manager.py", line 220, in load_plugin
    raise Exception(
    ...<3 lines>...
    )
Exception: plugin() not found.

[2026-07-22 21:26:34] Traceback (most recent call last):
  File "/data/data/com.termux/files/home/Nitron/plugin_manager.py", line 220, in load_plugin
    raise Exception(
    ...<3 lines>...
    )
Exception: plugin() not found.

[2026-07-22 21:26:34] Traceback (most recent call last):
  File "/data/data/com.termux/files/home/Nitron/plugin_manager.py", line 220, in load_plugin
    raise Exception(
    ...<3 lines>...
    )
Exception: plugin() not found.

[2026-07-22 21:26:34] Traceback (most recent call last):
  File "/data/data/com.termux/files/home/Nitron/plugin_manager.py", line 220, in load_plugin
    raise Exception(
    ...<3 lines>...
    )
Exception: plugin() not found.

[2026-07-22 21:26:34] Traceback (most recent call last):
  File "/data/data/com.termux/files/home/Nitron/plugin_manager.py", line 220, in load_plugin
    raise Exception(
    ...<3 lines>...
    )
Exception: plugin() not found.

[2026-07-22 21:26:34] Traceback (most recent call last):
  File "/data/data/com.termux/files/home/Nitron/plugin_manager.py", line 220, in load_plugin
    raise Exception(
    ...<3 lines>...
    )
Exception: plugin() not found.

[2026-07-22 21:26:34] Traceback (most recent call last):
  File "/data/data/com.termux/files/home/Nitron/plugin_manager.py", line 220, in load_plugin
    raise Exception(
    ...<3 lines>...
    )
Exception: plugin() not found.

[2026-07-22 21:26:34] Traceback (most recent call last):
  File "/data/data/com.termux/files/home/Nitron/plugin_manager.py", line 220, in load_plugin
    raise Exception(
    ...<3 lines>...
    )
Exception: plugin() not found.

[2026-07-22 21:26:34] Traceback (most recent call last):
  File "/data/data/com.termux/files/home/Nitron/plugin_manager.py", line 220, in load_plugin
    raise Exception(
    ...<3 lines>...
    )
Exception: plugin() not found.

[2026-07-22 21:26:34] Traceback (most recent call last):
  File "/data/data/com.termux/files/home/Nitron/plugin_manager.py", line 220, in load_plugin
    raise Exception(
    ...<3 lines>...
    )
Exception: plugin() not found.

[2026-07-22 21:26:34] Traceback (most recent call last):
  File "/data/data/com.termux/files/home/Nitron/plugin_manager.py", line 220, in load_plugin
    raise Exception(
    ...<3 lines>...
    )
Exception: plugin() not found.

[2026-07-22 21:26:34] Traceback (most recent call last):
  File "/data/data/com.termux/files/home/Nitron/plugin_manager.py", line 220, in load_plugin
    raise Exception(
    ...<3 lines>...
    )
Exception: plugin() not found.

[2026-07-22 21:26:34] Traceback (most recent call last):
  File "/data/data/com.termux/files/home/Nitron/plugin_manager.py", line 220, in load_plugin
    raise Exception(
    ...<3 lines>...
    )
Exception: plugin() not found.

[2026-07-22 21:26:34] Traceback (most recent call last):
  File "/data/data/com.termux/files/home/Nitron/plugin_manager.py", line 220, in load_plugin
    raise Exception(
    ...<3 lines>...
    )
Exception: plugin() not found.

[2026-07-22 21:26:34] Traceback (most recent call last):
  File "/data/data/com.termux/files/home/Nitron/plugin_manager.py", line 220, in load_plugin
    raise Exception(
    ...<3 lines>...
    )
Exception: plugin() not found.

[2026-07-22 21:26:34] Traceback (most recent call last):
  File "/data/data/com.termux/files/home/Nitron/plugin_manager.py", line 220, in load_plugin
    raise Exception(
    ...<3 lines>...
    )
Exception: plugin() not found.

[2026-07-22 21:26:34] Traceback (most recent call last):
  File "/data/data/com.termux/files/home/Nitron/plugin_manager.py", line 220, in load_plugin
    raise Exception(
    ...<3 lines>...
    )
Exception: plugin() not found.

[2026-07-22 21:26:34] Traceback (most recent call last):
  File "/data/data/com.termux/files/home/Nitron/plugin_manager.py", line 220, in load_plugin
    raise Exception(
    ...<3 lines>...
    )
Exception: plugin() not found.

[2026-07-22 21:26:34] Traceback (most recent call last):
  File "/data/data/com.termux/files/home/Nitron/plugin_manager.py", line 220, in load_plugin
    raise Exception(
    ...<3 lines>...
    )
Exception: plugin() not found.

[2026-07-22 21:26:34] Traceback (most recent call last):
  File "/data/data/com.termux/files/home/Nitron/plugin_manager.py", line 220, in load_plugin
    raise Exception(
    ...<3 lines>...
    )
Exception: plugin() not found.

[2026-07-22 21:26:34] Traceback (most recent call last):
  File "/data/data/com.termux/files/home/Nitron/plugin_manager.py", line 220, in load_plugin
    raise Exception(
    ...<3 lines>...
    )
Exception: plugin() not found.

[2026-07-22 21:26:41] Traceback (most recent call last):
  File "/data/data/com.termux/files/home/Nitron/plugin_manager.py", line 220, in load_plugin
    raise Exception(
    ...<3 lines>...
    )
Exception: plugin() not found.

[2026-07-22 21:26:41] Loaded File Manager
[2026-07-22 21:26:41] Loaded Image Generator
[2026-07-22 21:26:41] Traceback (most recent call last):
  File "/data/data/com.termux/files/home/Nitron/plugin_manager.py", line 220, in load_plugin
    raise Exception(
    ...<3 lines>...
    )
Exception: plugin() not found.

[2026-07-22 21:26:41] Traceback (most recent call last):
  File "/data/data/com.termux/files/home/Nitron/plugin_manager.py", line 220, in load_plugin
    raise Exception(
    ...<3 lines>...
    )
Exception: plugin() not found.

[2026-07-22 21:26:41] Traceback (most recent call last):
  File "/data/data/com.termux/files/home/Nitron/plugin_manager.py", line 220, in load_plugin
    raise Exception(
    ...<3 lines>...
    )
Exception: plugin() not found.

[2026-07-22 21:26:41] Traceback (most recent call last):
  File "/data/data/com.termux/files/home/Nitron/plugin_manager.py", line 220, in load_plugin
    raise Exception(
    ...<3 lines>...
    )
Exception: plugin() not found.

[2026-07-22 21:26:41] Traceback (most recent call last):
  File "/data/data/com.termux/files/home/Nitron/plugin_manager.py", line 220, in load_plugin
    raise Exception(
    ...<3 lines>...
    )
Exception: plugin() not found.

[2026-07-22 21:26:41] Traceback (most recent call last):
  File "/data/data/com.termux/files/home/Nitron/plugin_manager.py", line 220, in load_plugin
    raise Exception(
    ...<3 lines>...
    )
Exception: plugin() not found.

[2026-07-22 21:26:41] Traceback (most recent call last):
  File "/data/data/com.termux/files/home/Nitron/plugin_manager.py", line 220, in load_plugin
    raise Exception(
    ...<3 lines>...
    )
Exception: plugin() not found.

[2026-07-22 21:26:41] Traceback (most recent call last):
  File "/data/data/com.termux/files/home/Nitron/plugin_manager.py", line 220, in load_plugin
    raise Exception(
    ...<3 lines>...
    )
Exception: plugin() not found.

[2026-07-22 21:26:41] Traceback (most recent call last):
  File "/data/data/com.termux/files/home/Nitron/plugin_manager.py", line 220, in load_plugin
    raise Exception(
    ...<3 lines>...
    )
Exception: plugin() not found.

[2026-07-22 21:26:41] Traceback (most recent call last):
  File "/data/data/com.termux/files/home/Nitron/plugin_manager.py", line 220, in load_plugin
    raise Exception(
    ...<3 lines>...
    )
Exception: plugin() not found.

[2026-07-22 21:26:41] Traceback (most recent call last):
  File "/data/data/com.termux/files/home/Nitron/plugin_manager.py", line 220, in load_plugin
    raise Exception(
    ...<3 lines>...
    )
Exception: plugin() not found.

[2026-07-22 21:26:41] Traceback (most recent call last):
  File "/data/data/com.termux/files/home/Nitron/plugin_manager.py", line 220, in load_plugin
    raise Exception(
    ...<3 lines>...
    )
Exception: plugin() not found.

[2026-07-22 21:26:41] Traceback (most recent call last):
  File "/data/data/com.termux/files/home/Nitron/plugin_manager.py", line 220, in load_plugin
    raise Exception(
    ...<3 lines>...
    )
Exception: plugin() not found.

[2026-07-22 21:26:41] Traceback (most recent call last):
  File "/data/data/com.termux/files/home/Nitron/plugin_manager.py", line 220, in load_plugin
    raise Exception(
    ...<3 lines>...
    )
Exception: plugin() not found.

[2026-07-22 21:26:41] Traceback (most recent call last):
  File "/data/data/com.termux/files/home/Nitron/plugin_manager.py", line 220, in load_plugin
    raise Exception(
    ...<3 lines>...
    )
Exception: plugin() not found.

[2026-07-22 21:26:41] Traceback (most recent call last):
  File "/data/data/com.termux/files/home/Nitron/plugin_manager.py", line 220, in load_plugin
    raise Exception(
    ...<3 lines>...
    )
Exception: plugin() not found.

[2026-07-22 21:26:41] Traceback (most recent call last):
  File "/data/data/com.termux/files/home/Nitron/plugin_manager.py", line 220, in load_plugin
    raise Exception(
    ...<3 lines>...
    )
Exception: plugin() not found.

[2026-07-22 21:26:41] Traceback (most recent call last):
  File "/data/data/com.termux/files/home/Nitron/plugin_manager.py", line 220, in load_plugin
    raise Exception(
    ...<3 lines>...
    )
Exception: plugin() not found.

[2026-07-22 21:26:41] Traceback (most recent call last):
  File "/data/data/com.termux/files/home/Nitron/plugin_manager.py", line 220, in load_plugin
    raise Exception(
    ...<3 lines>...
    )
Exception: plugin() not found.

[2026-07-22 21:26:41] Traceback (most recent call last):
  File "/data/data/com.termux/files/home/Nitron/plugin_manager.py", line 220, in load_plugin
    raise Exception(
    ...<3 lines>...
    )
Exception: plugin() not found.

[2026-07-22 21:26:41] Traceback (most recent call last):
  File "/data/data/com.termux/files/home/Nitron/plugin_manager.py", line 220, in load_plugin
    raise Exception(
    ...<3 lines>...
    )
Exception: plugin() not found.

[2026-07-22 21:26:41] Traceback (most recent call last):
  File "/data/data/com.termux/files/home/Nitron/plugin_manager.py", line 220, in load_plugin
    raise Exception(
    ...<3 lines>...
    )
Exception: plugin() not found.

[2026-07-22 21:26:41] Traceback (most recent call last):
  File "/data/data/com.termux/files/home/Nitron/plugin_manager.py", line 220, in load_plugin
    raise Exception(
    ...<3 lines>...
    )
Exception: plugin() not found.

