[2026-07-21 16:10:16] [INFO] Received command: hello
[2026-07-21 16:10:16] [INFO] Routing to: brain
[2026-07-21 17:02:27] [INFO] Received command: create an ai chatbot
[2026-07-21 17:02:27] [INFO] Routing to: developer
[2026-07-21 17:02:39] [INFO] Received command: generator picture
[2026-07-21 17:02:39] [INFO] Routing to: brain
[2026-07-21 17:02:49] [INFO] Received command: make a calculator app
[2026-07-21 17:02:49] [INFO] Routing to: developer
[2026-07-21 17:02:59] [INFO] Received command: generate the code of a calculator
[2026-07-21 17:02:59] [INFO] Routing to: developer
[2026-07-22 21:57:38] [INFO] Received command: the translators
[2026-07-22 21:57:38] [INFO] Routing to: brain
[2026-07-22 21:57:47] [INFO] Received command: nitro status
[2026-07-22 21:57:47] [INFO] Routing to: brain
[2026-07-22 21:57:59] [INFO] Received command: creator snake game
[2026-07-22 21:57:59] [INFO] Routing to: brain
[2026-07-23 18:54:39] [INFO] Received command: give me a quote
[2026-07-23 18:54:39] [INFO] Routing to: brain
[2026-07-23 18:54:49] [INFO] Received command: give me a dragon ball quote
[2026-07-23 18:54:49] [INFO] Routing to: brain
[2026-07-23 18:54:58] [INFO] Received command: give a dragon ball quote
[2026-07-23 18:54:58] [INFO] Routing to: brain
[2026-07-23 18:55:08] [INFO] Received command: dragon ball court
[2026-07-23 18:55:08] [INFO] Routing to: brain
[2026-07-23 18:56:02] [INFO] Received command: what's the time
[2026-07-23 18:56:02] [INFO] Routing to: brain
[2026-07-23 18:56:26] [INFO] Received command: dragon ball court
[2026-07-23 18:56:26] [INFO] Routing to: brain
[2026-07-23 18:56:36] [INFO] Received command: what's the time
[2026-07-23 18:56:36] [INFO] Routing to: brain
[2026-07-23 18:56:45] [INFO] Received command: create a snake game
[2026-07-23 18:56:45] [INFO] Routing to: developer
[2026-07-23 18:56:53] [INFO] Received command: picture
[2026-07-23 18:56:53] [INFO] Routing to: brain
[2026-07-23 18:57:02] [INFO] Received command: what's the code of the day
[2026-07-23 18:57:02] [INFO] Routing to: developer
[2026-07-23 18:57:10] [INFO] Received command: anya picture
[2026-07-23 18:57:10] [INFO] Routing to: brain
[2026-07-23 18:57:19] [INFO] Received command: lamp online
[2026-07-23 18:57:19] [INFO] Routing to: brain
[2026-07-23 18:57:41] [INFO] Received command: how are you
[2026-07-23 18:57:41] [INFO] Routing to: brain
[2026-07-23 18:57:51] [INFO] Received command: who are you
[2026-07-23 18:57:51] [INFO] Routing to: brain
[2026-07-23 18:58:24] [INFO] Received command: error: error_no_match
[2026-07-23 18:58:24] [INFO] Routing to: brain
[2026-07-23 19:48:59] [INFO] Received command: generate image from touristic robot
[2026-07-23 19:48:59] [INFO] Routing to: brain
[2026-07-23 19:49:11] [INFO] Received command: generate image from juristic robot
[2026-07-23 19:49:11] [INFO] Routing to: brain
[2026-07-23 19:49:23] [INFO] Received command: generate image for juristic robot
[2026-07-23 19:49:23] [INFO] Routing to: brain
[2026-07-23 19:49:37] [INFO] Received command: generate image file juristic robot
[2026-07-23 19:49:37] [INFO] Routing to: brain
[2026-07-23 19:49:49] [INFO] Received command: generate image factoristic robot
[2026-07-23 19:49:49] [INFO] Routing to: brain
[2026-07-23 19:49:59] [INFO] Received command: generate image file touristic robot
[2026-07-23 19:49:59] [INFO] Routing to: brain
[2026-07-23 19:50:10] [INFO] Received command: generate image for juristic robot
[2026-07-23 19:50:10] [INFO] Routing to: brain
[2026-07-23 19:50:20] [INFO] Received command: generate image for juristic robot
[2026-07-23 19:50:20] [INFO] Routing to: brain
[2026-07-23 19:50:30] [INFO] Received command: generate image factoristic robot
[2026-07-23 19:50:30] [INFO] Routing to: brain
[2026-07-23 19:50:41] [INFO] Received command: generate image for juristic image
[2026-07-23 19:50:41] [INFO] Routing to: brain
[2026-07-23 19:51:11] [INFO] Received command: error: error_no_match
[2026-07-23 19:51:11] [INFO] Routing to: brain
[2026-07-23 19:51:26] [INFO] Received command: error: error_no_match
[2026-07-23 19:51:26] [INFO] Routing to: brain
[2026-07-23 19:51:40] [INFO] Received command: error: error_no_match
[2026-07-23 19:51:40] [INFO] Routing to: brain
[2026-07-23 19:51:55] [INFO] Received command: error: error_no_match
[2026-07-23 19:51:55] [INFO] Routing to: brain
[2026-07-23 19:52:06] [INFO] Received command: exit exit
[2026-07-23 19:52:06] [INFO] Routing to: system
[2026-07-23 19:52:59] [INFO] Received command: anime quotes
[2026-07-23 19:52:59] [INFO] Routing to: brain
[2026-07-23 19:53:07] [INFO] Received command: anime solo leveling quotes
[2026-07-23 19:53:07] [INFO] Routing to: brain
[2026-07-23 19:53:16] [INFO] Received command: anime quotes
[2026-07-23 19:53:16] [INFO] Routing to: brain
[2026-07-23 19:53:26] [INFO] Received command: error: error_no_match
[2026-07-23 19:53:26] [INFO] Routing to: brain
[2026-07-23 19:53:35] [INFO] Received command: anime cool to dragon ball
[2026-07-23 19:53:35] [INFO] Routing to: brain
[2026-07-23 19:53:43] [INFO] Received command: brain
[2026-07-23 19:53:43] [INFO] Routing to: brain
[2026-07-23 19:53:50] [INFO] Received command: are you amor
[2026-07-23 19:53:50] [INFO] Routing to: brain
[2026-07-23 19:54:00] [INFO] Received command: teach me css
[2026-07-23 19:54:00] [INFO] Routing to: academy
[2026-07-23 19:54:10] [INFO] Received command: teach me by
[2026-07-23 19:54:10] [INFO] Routing to: academy
[2026-07-23 19:54:48] [INFO] Received command: error: error_no_match
[2026-07-23 19:54:48] [INFO] Routing to: brain
[2026-07-23 19:54:55] [INFO] Received command: samurai exit
[2026-07-23 19:54:55] [INFO] Routing to: system
[2026-07-25 07:52:44] [INFO] Received command: error: error_no_match
[2026-07-25 07:52:44] [INFO] Routing to: brain
[2026-07-25 07:53:01] [INFO] Received command: error: error_no_match
[2026-07-25 07:53:01] [INFO] Routing to: brain
[2026-07-26 18:32:28] [INFO] Received command: who are you
[2026-07-26 18:32:28] [INFO] Routing to: brain
[2026-07-26 18:32:38] [INFO] Received command: play
[2026-07-26 18:32:38] [INFO] Routing to: brain
[2026-07-26 18:32:59] [INFO] Received command: create a calculator app
[2026-07-26 18:32:59] [INFO] Routing to: developer
[2026-07-26 18:33:09] [INFO] Received command: make a chat board
[2026-07-26 18:33:09] [INFO] Routing to: brain
[2026-07-26 18:33:19] [INFO] Received command: create a chat both
[2026-07-26 18:33:19] [INFO] Routing to: developer
[2026-07-26 18:33:45] [INFO] Received command: tasks
[2026-07-26 18:33:45] [INFO] Routing to: brain
[2026-07-26 18:33:54] [INFO] Received command: hey needron
[2026-07-26 18:33:54] [INFO] Routing to: brain
[2026-07-26 18:34:04] [INFO] Received command: tell neutron
[2026-07-26 18:34:04] [INFO] Routing to: brain
[2026-07-29 20:45:17] [INFO] Received command: command router
[2026-07-29 20:45:17] [INFO] Routing to: brain
[2026-07-31 13:05:30] [INFO] Received command: online
[2026-07-31 13:05:30] [INFO] Routing to: brain
[2026-07-31 13:05:59] [INFO] Received command: teach me python operation teach me python
[2026-07-31 13:05:59] [INFO] Routing to: academy
[2026-07-31 13:06:19] [INFO] Received command: create an app
[2026-07-31 13:06:19] [INFO] Routing to: developer
[2026-08-01 07:55:03] [INFO] Received command: who are you
[2026-08-01 07:55:03] [INFO] Routing to: brain
[2026-08-01 07:56:04] [INFO] Received command: who are you
[2026-08-01 07:56:04] [INFO] Routing to: brain
[2026-08-01 07:56:14] [INFO] Received command: teach me see glass plus
[2026-08-01 07:56:14] [INFO] Routing to: academy
[2026-08-01 07:56:52] [INFO] Received command: teach me trading
[2026-08-01 07:56:52] [INFO] Routing to: academy
[2026-08-01 07:57:02] [INFO] Received command: okay do not exit
[2026-08-01 07:57:02] [INFO] Routing to: system
[2026-08-01 07:57:11] [INFO] Received command: generate a code
[2026-08-01 07:57:11] [INFO] Routing to: developer
[2026-08-01 07:57:35] [INFO] Received command: give me an anime code
[2026-08-01 07:57:35] [INFO] Routing to: developer
[2026-08-01 07:57:45] [INFO] Received command: anime quote
[2026-08-01 07:57:45] [INFO] Routing to: brain
[2026-08-01 19:27:07] [INFO] Received command: what's the time
[2026-08-01 19:27:07] [INFO] Routing to: brain
[2026-08-01 19:27:19] [INFO] Received command: brain
[2026-08-01 19:27:19] [INFO] Routing to: brain
[2026-08-01 19:27:31] [INFO] Received command: who are you
[2026-08-01 19:27:31] [INFO] Routing to: brain
[2026-08-01 19:27:45] [INFO] Received command: error: error_no_match
[2026-08-01 19:27:45] [INFO] Routing to: brain
[2026-08-01 19:28:20] [INFO] Received command: error: error_no_match
[2026-08-01 19:28:20] [INFO] Routing to: brain
[2026-08-01 19:28:34] [INFO] Received command: error: error_no_match
[2026-08-01 19:28:34] [INFO] Routing to: brain
[2026-08-01 19:28:43] [INFO] Received command: create an ai
[2026-08-01 19:28:43] [INFO] Routing to: developer
[2026-08-01 19:29:26] [INFO] Received command: error: error_no_match
[2026-08-01 19:29:26] [INFO] Routing to: brain
[2026-08-01 19:29:41] [INFO] Received command: error: error_no_match
[2026-08-01 19:29:41] [INFO] Routing to: brain
[2026-08-01 20:54:15] [INFO] Received command: error: error_no_match
[2026-08-01 20:54:15] [INFO] Routing to: brain
[2026-08-01 20:54:24] [INFO] Received command: error: error_no_match
[2026-08-01 20:54:24] [INFO] Routing to: brain
[2026-08-01 20:54:33] [INFO] Received command: hello neutron
[2026-08-01 20:54:33] [INFO] Routing to: brain
[2026-08-01 20:54:42] [INFO] Received command: neutron status
[2026-08-01 20:54:42] [INFO] Routing to: brain
[2026-08-01 20:54:55] [INFO] Received command: create website the high test great websitis
[2026-08-01 20:54:55] [INFO] Routing to: developer
[2026-08-01 20:55:07] [INFO] Received command: create website test ai
[2026-08-01 20:55:07] [INFO] Routing to: developer
[2026-08-01 20:56:30] [INFO] Received command: hello neutron
[2026-08-01 20:56:30] [INFO] Routing to: brain
[2026-08-01 20:56:38] [INFO] Received command: error: error_no_match
[2026-08-01 20:56:38] [INFO] Routing to: brain
[2026-08-01 20:56:46] [INFO] Received command: hello neutron
[2026-08-01 20:56:46] [INFO] Routing to: brain
[2026-08-01 20:58:21] [INFO] Received command: create website testai
[2026-08-01 20:58:21] [INFO] Routing to: developer
[2026-08-01 21:04:44] [INFO] Received command: green website create website test ai
[2026-08-01 21:04:44] [INFO] Routing to: developer
[2026-08-01 21:05:07] [INFO] Received command: error: error_no_match
[2026-08-01 21:05:07] [INFO] Routing to: brain
[2026-08-01 21:05:20] [INFO] Received command: great fast back store ai oh s*** website
[2026-08-01 21:05:20] [INFO] Routing to: developer
[2026-08-01 21:05:30] [INFO] Received command: grateful stack
[2026-08-01 21:05:30] [INFO] Routing to: brain
[2026-08-01 21:05:52] [INFO] Received command: error: error_no_match
[2026-08-01 21:05:52] [INFO] Routing to: brain
[2026-08-02 10:43:54] [INFO] Received command: create fullstack website StoreAI
[2026-08-02 10:43:54] [INFO] Routing to: developer
[2026-08-02 10:49:00] [INFO] Received command: create fullstack website StoreAI
[2026-08-02 10:49:00] [INFO] Routing to: developer
